[36mvite v8.0.0 [32mbuilding client environment for production...[36m[39m
[2K
transforming...Γ£ô 2708 modules transformed.
rendering chunks...
node.exe : [31mΓ£ù[39m 
Build failed in 6.27s
At line:1 char:1
+ & "C:\Program 
Files\nodejs/node.exe" "C:\Us
ers\ARMAN\AppData\Roaming\ 
...
+ ~~~~~~~~~~~~~~~~~~~~~~~~~~~
~~~~~~~~~~~~~~~~~~~~~~~~~~~~~
~~~~~~~~~~~~~
    + CategoryInfo           
   : NotSpecified: ([31mΓ£  
  ù[39m Build failed in 6   
 .27s:String) [], RemoteE    
xception
    + FullyQualifiedErrorId  
   : NativeCommandError
 
[31merror during build:
[31mBuild failed with 1 
error:

[31m[MISSING_EXPORT] 
Error:[0m "default" is not 
exported by "src/components/l
ayout/Navbar.jsx".
   [38;5;246mΓò¡[0m[38;5;2
46mΓöÇ[0m[38;5;246m[[0m 
src/App.jsx:5:8 
[38;5;246m][0m
   [38;5;246mΓöé[0m
 [38;5;246m5 Γöé[0m [38;5;
249mi[0m[38;5;249mm[0m[38
;5;249mp[0m[38;5;249mo[0m
[38;5;249mr[0m[38;5;249mt[
0m[38;5;249m 
[0mNavbar[38;5;249m [0m[3
8;5;249mf[0m[38;5;249mr[0m
[38;5;249mo[0m[38;5;249mm
[0m[38;5;249m [0m[38;5;249
m"[0m[38;5;249m.[0m[38;5;
249m/[0m[38;5;249mc[0m[38
;5;249mo[0m[38;5;249mm[0m
[38;5;249mp[0m[38;5;249mo[
0m[38;5;249mn[0m[38;5;249m
e[0m[38;5;249mn[0m[38;5;2
49mt[0m[38;5;249ms[0m[38;
5;249m/[0m[38;5;249ml[0m[
38;5;249ma[0m[38;5;249my[0
m[38;5;249mo[0m[38;5;249mu
[0m[38;5;249mt[0m[38;5;24
9m/[0m[38;5;249mN[0m[38;5
;249ma[0m[38;5;249mv[0m[3
8;5;249mb[0m[38;5;249ma[0m
[38;5;249mr[0m[38;5;249m"
[0m[38;5;249m;[0m
 [38;5;240m  Γöé[0m        
ΓöÇΓöÇΓöÇΓö¼ΓöÇΓöÇ  
 [38;5;240m  Γöé[0m        
   Γò░ΓöÇΓöÇΓöÇΓöÇ Missing 
export
[38;5;246mΓöÇΓöÇΓöÇΓò»[0m
[31m
    at aggregateBindingErrors
IntoJsError (file:///C:/Users
/ARMAN/OneDrive/Desktop/legal
ai/node_modules/rolldown/dist
/shared/error-CP8smW_P.mjs:48
:18)
    at unwrapBindingResult (f
ile:///C:/Users/ARMAN/OneDriv
e/Desktop/legalai/node_module
s/rolldown/dist/shared/error-
CP8smW_P.mjs:18:128)
    at #build (file:///C:/Use
rs/ARMAN/OneDrive/Desktop/leg
alai/node_modules/rolldown/di
st/shared/rolldown-build-4YnQ
kA76.mjs:3311:34)
    at async 
buildEnvironment (file:///C:/
Users/ARMAN/OneDrive/Desktop/
legalai/node_modules/vite/dis
t/node/chunks/node.js:32794:6
4)
    at async Object.build (fi
le:///C:/Users/ARMAN/OneDrive
/Desktop/legalai/node_modules
/vite/dist/node/chunks/node.j
s:33216:19)
    at async Object.buildApp 
(file:///C:/Users/ARMAN/OneDr
ive/Desktop/legalai/node_modu
les/vite/dist/node/chunks/nod
e.js:33213:153)
    at async CAC.<anonymous> 
(file:///C:/Users/ARMAN/OneDr
ive/Desktop/legalai/node_modu
les/vite/dist/node/cli.js:778
:3) {
  errors: [Getter/Setter]
}[39m
